    Checking utf8parse v0.2.2
    Checking unicode-ident v1.0.22
    Checking anstyle v1.0.13
    Checking anstyle-query v1.1.4
    Checking equivalent v1.0.2
    Checking colorchoice v1.0.4
    Checking hashbrown v0.15.5
    Checking cfg-if v1.0.4
    Checking is_terminal_polyfill v1.70.2
    Checking serde_core v1.0.228
    Checking libc v0.2.177
    Checking toml_write v0.1.2
    Checking clap_lex v0.7.6
    Checking strsim v0.11.1
   Compiling quote v1.0.41
    Checking winnow v0.7.15
    Checking zmij v1.0.21
    Checking arrayref v0.3.9
    Checking arrayvec v0.7.6
    Checking constant_time_eq v0.3.1
    Checking memchr v2.7.6
    Checking proc-macro2 v1.0.103
    Checking anstyle-parse v0.2.7
    Checking itoa v1.0.18
    Checking semver v1.0.28
    Checking bitflags v2.10.0
    Checking once_cell v1.21.3
    Checking fastrand v2.3.0
   Compiling syn v2.0.108
    Checking blake3 v1.8.2
    Checking anstream v0.6.21
    Checking clap_builder v4.5.51
    Checking errno v0.3.14
    Checking getrandom v0.3.4
    Checking indexmap v2.7.1
    Checking rustix v1.1.2
    Checking tempfile v3.23.0
    Checking serde_json v1.0.150
   Compiling serde_derive v1.0.228
   Compiling clap_derive v4.5.49
    Checking clap v4.5.51
    Checking serde v1.0.228
    Checking toml_datetime v0.6.11
    Checking serde_spanned v0.6.9
    Checking toml_edit v0.22.27
    Checking toml v0.8.23
    Checking xtask v0.1.0 (/Users/logannye/Documents/Rosalind/xtask)
    Finished `dev` profile [unoptimized + debuginfo] target(s) in 3.18s
