   Compiling quote v1.0.41
   Compiling proc-macro2 v1.0.103
   Compiling unicode-ident v1.0.22
   Compiling serde_core v1.0.228
   Compiling serde v1.0.228
    Checking utf8parse v0.2.2
   Compiling libc v0.2.177
   Compiling shlex v1.3.0
   Compiling find-msvc-tools v0.1.4
    Checking anstyle-query v1.1.4
    Checking hashbrown v0.15.5
   Compiling zmij v1.0.21
    Checking anstyle v1.0.13
    Checking cfg-if v1.0.4
    Checking colorchoice v1.0.4
    Checking anstyle-parse v0.2.7
    Checking is_terminal_polyfill v1.70.2
    Checking equivalent v1.0.2
    Checking strsim v0.11.1
   Compiling cc v1.2.44
    Checking toml_write v0.1.2
    Checking winnow v0.7.15
   Compiling serde_json v1.0.150
    Checking clap_lex v0.7.6
    Checking anstream v0.6.21
   Compiling heck v0.5.0
    Checking memchr v2.7.6
   Compiling rustix v1.1.2
   Compiling getrandom v0.3.4
    Checking clap_builder v4.5.51
    Checking itoa v1.0.18
    Checking indexmap v2.7.1
    Checking arrayref v0.3.9
    Checking constant_time_eq v0.3.1
    Checking arrayvec v0.7.6
    Checking semver v1.0.28
    Checking bitflags v2.10.0
    Checking once_cell v1.21.3
    Checking fastrand v2.3.0
   Compiling blake3 v1.8.2
    Checking syn v2.0.108
    Checking errno v0.3.14
    Checking tempfile v3.23.0
   Compiling serde_derive v1.0.228
   Compiling clap_derive v4.5.49
    Checking clap v4.5.51
    Checking serde_spanned v0.6.9
    Checking toml_datetime v0.6.11
    Checking toml_edit v0.22.27
    Checking toml v0.8.23
    Checking xtask v0.1.0 (/Users/logannye/Documents/Rosalind/xtask)
    Finished `dev` profile [unoptimized + debuginfo] target(s) in 4.69s
